// Jest Snapshot v1, https://goo.gl/fbAQLP

exports[`dynamodb helpers toNumber 1`] = `
{
  "N": 12345,
}
`;

exports[`dynamodb helpers toNumberSet 1`] = `
{
  "NS": [
    1,
    23,
    4.56,
  ],
}
`;

exports[`dynamodb helpers toString 1`] = `
{
  "S": "test",
}
`;

exports[`dynamodb helpers toStringSet 1`] = `
{
  "SS": [
    "foo",
    "bar",
    "baz",
  ],
}
`;
