// Jest Snapshot v1, https://goo.gl/fbAQLP

exports[`dynamodb resolvers something 1`] = `
{
  "filter": {
    "expression": "#shift = :shift",
    "expressionNames": {
      "#shift": "shift",
    },
    "expressionValues": {
      ":shift": {
        "N": 10,
      },
    },
  },
  "index": "nameIndex",
  "operation": "Query",
  "query": {
    "expression": "#name = :name",
    "expressionNames": {
      "#name": "name",
    },
    "expressionValues": {
      ":name": {
        "S": "test",
      },
    },
  },
  "select": "ALL_ATTRIBUTES",
}
`;

exports[`dynamodb resolvers something 2`] = `
[
  {
    "a": 10,
  },
]
`;

exports[`rds resolvers postgres 1`] = `
{
  "statements": [
    "SELECT * FROM "UserGroup" WHERE "id" = :P0",
  ],
  "variableMap": {
    ":P0": "1232",
  },
  "variableTypeHintMap": {
    ":P0": "UUID",
  },
}
`;

exports[`rds resolvers postgres 2`] = `{}`;

exports[`rds resolvers toJsonObject 1`] = `
[
  [
    {
      "ISBN-13": "978-1948132817",
      "author": "Mark Twain",
      "title": "Adventures of Huckleberry Finn",
    },
    {
      "ISBN-13": "978-1948132275",
      "author": "Jack London",
      "title": "The Call of the Wild",
    },
  ],
]
`;
